
{
    "date": "Sat Jun 27 2026 22:47:22 GMT+0530 (India Standard Time)",
    "error": {},
    "exception": true,
    "level": "error",
    "message": "uncaughtException: app.use() requires a middleware function\nTypeError: app.use() requires a middleware function\n    at app.use (D:\\Self Projects\\bastion\\apps\\api\\node_modules\\express\\lib\\application.js:213:11)\n    at <anonymous> (D:\\Self Projects\\bastion\\apps\\api\\src\\index.ts:10:5)\n    at ModuleJob.run (node:internal/modules/esm/module_job:413:25)\n    at async onImport.tracePromise.__proto__ (node:internal/modules/esm/loader:660:26)\n    at async asyncRunEntryPointWithESMLoader (node:internal/modules/run_main:101:5)",
    "os": {
        "loadavg": [
            0,
            0,
            0
        ],
        "uptime": 1400063.14
    },
    "process": {
        "argv": [
            "C:\\Program Files\\nodejs\\node.exe",
            "D:\\Self Projects\\bastion\\apps\\api\\src\\index.ts"
        ],
        "cwd": "D:\\Self Projects\\bastion\\apps\\api",
        "execPath": "C:\\Program Files\\nodejs\\node.exe",
        "gid": null,
        "memoryUsage": {
            "arrayBuffers": 2133327,
            "external": 4757513,
            "heapTotal": 23252992,
            "heapUsed": 15645024,
            "rss": 86544384
        },
        "pid": 12832,
        "uid": null,
        "version": "v24.12.0"
    },
    "stack": "TypeError: app.use() requires a middleware function\n    at app.use (D:\\Self Projects\\bastion\\apps\\api\\node_modules\\express\\lib\\application.js:213:11)\n    at <anonymous> (D:\\Self Projects\\bastion\\apps\\api\\src\\index.ts:10:5)\n    at ModuleJob.run (node:internal/modules/esm/module_job:413:25)\n    at async onImport.tracePromise.__proto__ (node:internal/modules/esm/loader:660:26)\n    at async asyncRunEntryPointWithESMLoader (node:internal/modules/run_main:101:5)",
    "timestamp": "2026-06-27 22:47:22",
    "trace": [
        {
            "column": 11,
            "file": "D:\\Self Projects\\bastion\\apps\\api\\node_modules\\express\\lib\\application.js",
            "function": "app.use",
            "line": 213,
            "method": "use",
            "native": false
        },
        {
            "column": 5,
            "file": "D:\\Self Projects\\bastion\\apps\\api\\src\\index.ts",
            "function": "<anonymous>",
            "line": 10,
            "method": null,
            "native": false
        },
        {
            "column": 25,
            "file": "node:internal/modules/esm/module_job",
            "function": "ModuleJob.run",
            "line": 413,
            "method": "run",
            "native": false
        },
        {
            "column": 26,
            "file": "node:internal/modules/esm/loader",
            "function": "async onImport.tracePromise.__proto__",
            "line": 660,
            "method": "__proto__",
            "native": false
        },
        {
            "column": 5,
            "file": "node:internal/modules/run_main",
            "function": "async asyncRunEntryPointWithESMLoader",
            "line": 101,
            "method": null,
            "native": false
        }
    ]
}

{
    "date": "Sat Jun 27 2026 22:47:36 GMT+0530 (India Standard Time)",
    "error": {},
    "exception": true,
    "level": "error",
    "message": "uncaughtException: app.use() requires a middleware function\nTypeError: app.use() requires a middleware function\n    at app.use (D:\\Self Projects\\bastion\\apps\\api\\node_modules\\express\\lib\\application.js:213:11)\n    at <anonymous> (D:\\Self Projects\\bastion\\apps\\api\\src\\index.ts:10:5)\n    at ModuleJob.run (node:internal/modules/esm/module_job:413:25)\n    at async onImport.tracePromise.__proto__ (node:internal/modules/esm/loader:660:26)\n    at async asyncRunEntryPointWithESMLoader (node:internal/modules/run_main:101:5)",
    "os": {
        "loadavg": [
            0,
            0,
            0
        ],
        "uptime": 1400077.734
    },
    "process": {
        "argv": [
            "C:\\Program Files\\nodejs\\node.exe",
            "D:\\Self Projects\\bastion\\apps\\api\\src\\index.ts"
        ],
        "cwd": "D:\\Self Projects\\bastion\\apps\\api",
        "execPath": "C:\\Program Files\\nodejs\\node.exe",
        "gid": null,
        "memoryUsage": {
            "arrayBuffers": 2124535,
            "external": 4748721,
            "heapTotal": 22990848,
            "heapUsed": 15403832,
            "rss": 70787072
        },
        "pid": 64496,
        "uid": null,
        "version": "v24.12.0"
    },
    "stack": "TypeError: app.use() requires a middleware function\n    at app.use (D:\\Self Projects\\bastion\\apps\\api\\node_modules\\express\\lib\\application.js:213:11)\n    at <anonymous> (D:\\Self Projects\\bastion\\apps\\api\\src\\index.ts:10:5)\n    at ModuleJob.run (node:internal/modules/esm/module_job:413:25)\n    at async onImport.tracePromise.__proto__ (node:internal/modules/esm/loader:660:26)\n    at async asyncRunEntryPointWithESMLoader (node:internal/modules/run_main:101:5)",
    "timestamp": "2026-06-27 22:47:36",
    "trace": [
        {
            "column": 11,
            "file": "D:\\Self Projects\\bastion\\apps\\api\\node_modules\\express\\lib\\application.js",
            "function": "app.use",
            "line": 213,
            "method": "use",
            "native": false
        },
        {
            "column": 5,
            "file": "D:\\Self Projects\\bastion\\apps\\api\\src\\index.ts",
            "function": "<anonymous>",
            "line": 10,
            "method": null,
            "native": false
        },
        {
            "column": 25,
            "file": "node:internal/modules/esm/module_job",
            "function": "ModuleJob.run",
            "line": 413,
            "method": "run",
            "native": false
        },
        {
            "column": 26,
            "file": "node:internal/modules/esm/loader",
            "function": "async onImport.tracePromise.__proto__",
            "line": 660,
            "method": "__proto__",
            "native": false
        },
        {
            "column": 5,
            "file": "node:internal/modules/run_main",
            "function": "async asyncRunEntryPointWithESMLoader",
            "line": 101,
            "method": null,
            "native": false
        }
    ]
}

{
    "date": "Sat Jun 27 2026 22:47:57 GMT+0530 (India Standard Time)",
    "error": {},
    "exception": true,
    "level": "error",
    "message": "uncaughtException: app.use() requires a middleware function\nTypeError: app.use() requires a middleware function\n    at app.use (D:\\Self Projects\\bastion\\apps\\api\\node_modules\\express\\lib\\application.js:213:11)\n    at <anonymous> (D:\\Self Projects\\bastion\\apps\\api\\src\\index.ts:10:5)\n    at ModuleJob.run (node:internal/modules/esm/module_job:413:25)\n    at async onImport.tracePromise.__proto__ (node:internal/modules/esm/loader:660:26)\n    at async asyncRunEntryPointWithESMLoader (node:internal/modules/run_main:101:5)",
    "os": {
        "loadavg": [
            0,
            0,
            0
        ],
        "uptime": 1400098.89
    },
    "process": {
        "argv": [
            "C:\\Program Files\\nodejs\\node.exe",
            "D:\\Self Projects\\bastion\\apps\\api\\src\\index.ts"
        ],
        "cwd": "D:\\Self Projects\\bastion\\apps\\api",
        "execPath": "C:\\Program Files\\nodejs\\node.exe",
        "gid": null,
        "memoryUsage": {
            "arrayBuffers": 2132935,
            "external": 4757113,
            "heapTotal": 23252992,
            "heapUsed": 15541016,
            "rss": 87228416
        },
        "pid": 21740,
        "uid": null,
        "version": "v24.12.0"
    },
    "stack": "TypeError: app.use() requires a middleware function\n    at app.use (D:\\Self Projects\\bastion\\apps\\api\\node_modules\\express\\lib\\application.js:213:11)\n    at <anonymous> (D:\\Self Projects\\bastion\\apps\\api\\src\\index.ts:10:5)\n    at ModuleJob.run (node:internal/modules/esm/module_job:413:25)\n    at async onImport.tracePromise.__proto__ (node:internal/modules/esm/loader:660:26)\n    at async asyncRunEntryPointWithESMLoader (node:internal/modules/run_main:101:5)",
    "timestamp": "2026-06-27 22:47:57",
    "trace": [
        {
            "column": 11,
            "file": "D:\\Self Projects\\bastion\\apps\\api\\node_modules\\express\\lib\\application.js",
            "function": "app.use",
            "line": 213,
            "method": "use",
            "native": false
        },
        {
            "column": 5,
            "file": "D:\\Self Projects\\bastion\\apps\\api\\src\\index.ts",
            "function": "<anonymous>",
            "line": 10,
            "method": null,
            "native": false
        },
        {
            "column": 25,
            "file": "node:internal/modules/esm/module_job",
            "function": "ModuleJob.run",
            "line": 413,
            "method": "run",
            "native": false
        },
        {
            "column": 26,
            "file": "node:internal/modules/esm/loader",
            "function": "async onImport.tracePromise.__proto__",
            "line": 660,
            "method": "__proto__",
            "native": false
        },
        {
            "column": 5,
            "file": "node:internal/modules/run_main",
            "function": "async asyncRunEntryPointWithESMLoader",
            "line": 101,
            "method": null,
            "native": false
        }
    ]
}

{
    "date": "Sat Jun 27 2026 22:47:57 GMT+0530 (India Standard Time)",
    "error": {},
    "exception": true,
    "level": "error",
    "message": "uncaughtException: app.use() requires a middleware function\nTypeError: app.use() requires a middleware function\n    at app.use (D:\\Self Projects\\bastion\\apps\\api\\node_modules\\express\\lib\\application.js:213:11)\n    at <anonymous> (D:\\Self Projects\\bastion\\apps\\api\\src\\index.ts:10:5)\n    at ModuleJob.run (node:internal/modules/esm/module_job:413:25)\n    at async onImport.tracePromise.__proto__ (node:internal/modules/esm/loader:660:26)\n    at async asyncRunEntryPointWithESMLoader (node:internal/modules/run_main:101:5)",
    "os": {
        "loadavg": [
            0,
            0,
            0
        ],
        "uptime": 1400098.89
    },
    "process": {
        "argv": [
            "C:\\Program Files\\nodejs\\node.exe",
            "D:\\Self Projects\\bastion\\apps\\api\\src\\index.ts"
        ],
        "cwd": "D:\\Self Projects\\bastion\\apps\\api",
        "execPath": "C:\\Program Files\\nodejs\\node.exe",
        "gid": null,
        "memoryUsage": {
            "arrayBuffers": 2132935,
            "external": 4757113,
            "heapTotal": 23252992,
            "heapUsed": 15541016,
            "rss": 87228416
        },
        "pid": 21740,
        "uid": null,
        "version": "v24.12.0"
    },
    "stack": "TypeError: app.use() requires a middleware function\n    at app.use (D:\\Self Projects\\bastion\\apps\\api\\node_modules\\express\\lib\\application.js:213:11)\n    at <anonymous> (D:\\Self Projects\\bastion\\apps\\api\\src\\index.ts:10:5)\n    at ModuleJob.run (node:internal/modules/esm/module_job:413:25)\n    at async onImport.tracePromise.__proto__ (node:internal/modules/esm/loader:660:26)\n    at async asyncRunEntryPointWithESMLoader (node:internal/modules/run_main:101:5)",
    "trace": [
        {
            "column": 11,
            "file": "D:\\Self Projects\\bastion\\apps\\api\\node_modules\\express\\lib\\application.js",
            "function": "app.use",
            "line": 213,
            "method": "use",
            "native": false
        },
        {
            "column": 5,
            "file": "D:\\Self Projects\\bastion\\apps\\api\\src\\index.ts",
            "function": "<anonymous>",
            "line": 10,
            "method": null,
            "native": false
        },
        {
            "column": 25,
            "file": "node:internal/modules/esm/module_job",
            "function": "ModuleJob.run",
            "line": 413,
            "method": "run",
            "native": false
        },
        {
            "column": 26,
            "file": "node:internal/modules/esm/loader",
            "function": "async onImport.tracePromise.__proto__",
            "line": 660,
            "method": "__proto__",
            "native": false
        },
        {
            "column": 5,
            "file": "node:internal/modules/run_main",
            "function": "async asyncRunEntryPointWithESMLoader",
            "line": 101,
            "method": null,
            "native": false
        }
    ]
}

{
    "date": "Sat Jun 27 2026 22:48:01 GMT+0530 (India Standard Time)",
    "error": {},
    "exception": true,
    "level": "error",
    "message": "uncaughtException: app.use() requires a middleware function\nTypeError: app.use() requires a middleware function\n    at app.use (D:\\Self Projects\\bastion\\apps\\api\\node_modules\\express\\lib\\application.js:213:11)\n    at <anonymous> (D:\\Self Projects\\bastion\\apps\\api\\src\\index.ts:10:5)\n    at ModuleJob.run (node:internal/modules/esm/module_job:413:25)\n    at async onImport.tracePromise.__proto__ (node:internal/modules/esm/loader:660:26)\n    at async asyncRunEntryPointWithESMLoader (node:internal/modules/run_main:101:5)",
    "os": {
        "loadavg": [
            0,
            0,
            0
        ],
        "uptime": 1400102.843
    },
    "process": {
        "argv": [
            "C:\\Program Files\\nodejs\\node.exe",
            "D:\\Self Projects\\bastion\\apps\\api\\src\\index.ts"
        ],
        "cwd": "D:\\Self Projects\\bastion\\apps\\api",
        "execPath": "C:\\Program Files\\nodejs\\node.exe",
        "gid": null,
        "memoryUsage": {
            "arrayBuffers": 2132935,
            "external": 4757113,
            "heapTotal": 22990848,
            "heapUsed": 15685264,
            "rss": 86986752
        },
        "pid": 11432,
        "uid": null,
        "version": "v24.12.0"
    },
    "stack": "TypeError: app.use() requires a middleware function\n    at app.use (D:\\Self Projects\\bastion\\apps\\api\\node_modules\\express\\lib\\application.js:213:11)\n    at <anonymous> (D:\\Self Projects\\bastion\\apps\\api\\src\\index.ts:10:5)\n    at ModuleJob.run (node:internal/modules/esm/module_job:413:25)\n    at async onImport.tracePromise.__proto__ (node:internal/modules/esm/loader:660:26)\n    at async asyncRunEntryPointWithESMLoader (node:internal/modules/run_main:101:5)",
    "timestamp": "2026-06-27 22:48:01",
    "trace": [
        {
            "column": 11,
            "file": "D:\\Self Projects\\bastion\\apps\\api\\node_modules\\express\\lib\\application.js",
            "function": "app.use",
            "line": 213,
            "method": "use",
            "native": false
        },
        {
            "column": 5,
            "file": "D:\\Self Projects\\bastion\\apps\\api\\src\\index.ts",
            "function": "<anonymous>",
            "line": 10,
            "method": null,
            "native": false
        },
        {
            "column": 25,
            "file": "node:internal/modules/esm/module_job",
            "function": "ModuleJob.run",
            "line": 413,
            "method": "run",
            "native": false
        },
        {
            "column": 26,
            "file": "node:internal/modules/esm/loader",
            "function": "async onImport.tracePromise.__proto__",
            "line": 660,
            "method": "__proto__",
            "native": false
        },
        {
            "column": 5,
            "file": "node:internal/modules/run_main",
            "function": "async asyncRunEntryPointWithESMLoader",
            "line": 101,
            "method": null,
            "native": false
        }
    ]
}

{
    "date": "Sat Jun 27 2026 22:48:01 GMT+0530 (India Standard Time)",
    "error": {},
    "exception": true,
    "level": "error",
    "message": "uncaughtException: app.use() requires a middleware function\nTypeError: app.use() requires a middleware function\n    at app.use (D:\\Self Projects\\bastion\\apps\\api\\node_modules\\express\\lib\\application.js:213:11)\n    at <anonymous> (D:\\Self Projects\\bastion\\apps\\api\\src\\index.ts:10:5)\n    at ModuleJob.run (node:internal/modules/esm/module_job:413:25)\n    at async onImport.tracePromise.__proto__ (node:internal/modules/esm/loader:660:26)\n    at async asyncRunEntryPointWithESMLoader (node:internal/modules/run_main:101:5)",
    "os": {
        "loadavg": [
            0,
            0,
            0
        ],
        "uptime": 1400102.843
    },
    "process": {
        "argv": [
            "C:\\Program Files\\nodejs\\node.exe",
            "D:\\Self Projects\\bastion\\apps\\api\\src\\index.ts"
        ],
        "cwd": "D:\\Self Projects\\bastion\\apps\\api",
        "execPath": "C:\\Program Files\\nodejs\\node.exe",
        "gid": null,
        "memoryUsage": {
            "arrayBuffers": 2132935,
            "external": 4757113,
            "heapTotal": 22990848,
            "heapUsed": 15685264,
            "rss": 86986752
        },
        "pid": 11432,
        "uid": null,
        "version": "v24.12.0"
    },
    "stack": "TypeError: app.use() requires a middleware function\n    at app.use (D:\\Self Projects\\bastion\\apps\\api\\node_modules\\express\\lib\\application.js:213:11)\n    at <anonymous> (D:\\Self Projects\\bastion\\apps\\api\\src\\index.ts:10:5)\n    at ModuleJob.run (node:internal/modules/esm/module_job:413:25)\n    at async onImport.tracePromise.__proto__ (node:internal/modules/esm/loader:660:26)\n    at async asyncRunEntryPointWithESMLoader (node:internal/modules/run_main:101:5)",
    "trace": [
        {
            "column": 11,
            "file": "D:\\Self Projects\\bastion\\apps\\api\\node_modules\\express\\lib\\application.js",
            "function": "app.use",
            "line": 213,
            "method": "use",
            "native": false
        },
        {
            "column": 5,
            "file": "D:\\Self Projects\\bastion\\apps\\api\\src\\index.ts",
            "function": "<anonymous>",
            "line": 10,
            "method": null,
            "native": false
        },
        {
            "column": 25,
            "file": "node:internal/modules/esm/module_job",
            "function": "ModuleJob.run",
            "line": 413,
            "method": "run",
            "native": false
        },
        {
            "column": 26,
            "file": "node:internal/modules/esm/loader",
            "function": "async onImport.tracePromise.__proto__",
            "line": 660,
            "method": "__proto__",
            "native": false
        },
        {
            "column": 5,
            "file": "node:internal/modules/run_main",
            "function": "async asyncRunEntryPointWithESMLoader",
            "line": 101,
            "method": null,
            "native": false
        }
    ]
}

{
    "date": "Sat Jun 27 2026 22:48:07 GMT+0530 (India Standard Time)",
    "error": {},
    "exception": true,
    "level": "error",
    "message": "uncaughtException: app.use() requires a middleware function\nTypeError: app.use() requires a middleware function\n    at app.use (D:\\Self Projects\\bastion\\apps\\api\\node_modules\\express\\lib\\application.js:213:11)\n    at <anonymous> (D:\\Self Projects\\bastion\\apps\\api\\src\\index.ts:10:5)\n    at ModuleJob.run (node:internal/modules/esm/module_job:413:25)\n    at async onImport.tracePromise.__proto__ (node:internal/modules/esm/loader:660:26)\n    at async asyncRunEntryPointWithESMLoader (node:internal/modules/run_main:101:5)",
    "os": {
        "loadavg": [
            0,
            0,
            0
        ],
        "uptime": 1400108.484
    },
    "process": {
        "argv": [
            "C:\\Program Files\\nodejs\\node.exe",
            "D:\\Self Projects\\bastion\\apps\\api\\src\\index.ts"
        ],
        "cwd": "D:\\Self Projects\\bastion\\apps\\api",
        "execPath": "C:\\Program Files\\nodejs\\node.exe",
        "gid": null,
        "memoryUsage": {
            "arrayBuffers": 2124535,
            "external": 4748721,
            "heapTotal": 22990848,
            "heapUsed": 15371024,
            "rss": 67854336
        },
        "pid": 41664,
        "uid": null,
        "version": "v24.12.0"
    },
    "stack": "TypeError: app.use() requires a middleware function\n    at app.use (D:\\Self Projects\\bastion\\apps\\api\\node_modules\\express\\lib\\application.js:213:11)\n    at <anonymous> (D:\\Self Projects\\bastion\\apps\\api\\src\\index.ts:10:5)\n    at ModuleJob.run (node:internal/modules/esm/module_job:413:25)\n    at async onImport.tracePromise.__proto__ (node:internal/modules/esm/loader:660:26)\n    at async asyncRunEntryPointWithESMLoader (node:internal/modules/run_main:101:5)",
    "timestamp": "2026-06-27 22:48:07",
    "trace": [
        {
            "column": 11,
            "file": "D:\\Self Projects\\bastion\\apps\\api\\node_modules\\express\\lib\\application.js",
            "function": "app.use",
            "line": 213,
            "method": "use",
            "native": false
        },
        {
            "column": 5,
            "file": "D:\\Self Projects\\bastion\\apps\\api\\src\\index.ts",
            "function": "<anonymous>",
            "line": 10,
            "method": null,
            "native": false
        },
        {
            "column": 25,
            "file": "node:internal/modules/esm/module_job",
            "function": "ModuleJob.run",
            "line": 413,
            "method": "run",
            "native": false
        },
        {
            "column": 26,
            "file": "node:internal/modules/esm/loader",
            "function": "async onImport.tracePromise.__proto__",
            "line": 660,
            "method": "__proto__",
            "native": false
        },
        {
            "column": 5,
            "file": "node:internal/modules/run_main",
            "function": "async asyncRunEntryPointWithESMLoader",
            "line": 101,
            "method": null,
            "native": false
        }
    ]
}

{
    "date": "Sat Jun 27 2026 22:48:07 GMT+0530 (India Standard Time)",
    "error": {},
    "exception": true,
    "level": "error",
    "message": "uncaughtException: app.use() requires a middleware function\nTypeError: app.use() requires a middleware function\n    at app.use (D:\\Self Projects\\bastion\\apps\\api\\node_modules\\express\\lib\\application.js:213:11)\n    at <anonymous> (D:\\Self Projects\\bastion\\apps\\api\\src\\index.ts:10:5)\n    at ModuleJob.run (node:internal/modules/esm/module_job:413:25)\n    at async onImport.tracePromise.__proto__ (node:internal/modules/esm/loader:660:26)\n    at async asyncRunEntryPointWithESMLoader (node:internal/modules/run_main:101:5)",
    "os": {
        "loadavg": [
            0,
            0,
            0
        ],
        "uptime": 1400108.484
    },
    "process": {
        "argv": [
            "C:\\Program Files\\nodejs\\node.exe",
            "D:\\Self Projects\\bastion\\apps\\api\\src\\index.ts"
        ],
        "cwd": "D:\\Self Projects\\bastion\\apps\\api",
        "execPath": "C:\\Program Files\\nodejs\\node.exe",
        "gid": null,
        "memoryUsage": {
            "arrayBuffers": 2124535,
            "external": 4748721,
            "heapTotal": 22990848,
            "heapUsed": 15371024,
            "rss": 67854336
        },
        "pid": 41664,
        "uid": null,
        "version": "v24.12.0"
    },
    "stack": "TypeError: app.use() requires a middleware function\n    at app.use (D:\\Self Projects\\bastion\\apps\\api\\node_modules\\express\\lib\\application.js:213:11)\n    at <anonymous> (D:\\Self Projects\\bastion\\apps\\api\\src\\index.ts:10:5)\n    at ModuleJob.run (node:internal/modules/esm/module_job:413:25)\n    at async onImport.tracePromise.__proto__ (node:internal/modules/esm/loader:660:26)\n    at async asyncRunEntryPointWithESMLoader (node:internal/modules/run_main:101:5)",
    "trace": [
        {
            "column": 11,
            "file": "D:\\Self Projects\\bastion\\apps\\api\\node_modules\\express\\lib\\application.js",
            "function": "app.use",
            "line": 213,
            "method": "use",
            "native": false
        },
        {
            "column": 5,
            "file": "D:\\Self Projects\\bastion\\apps\\api\\src\\index.ts",
            "function": "<anonymous>",
            "line": 10,
            "method": null,
            "native": false
        },
        {
            "column": 25,
            "file": "node:internal/modules/esm/module_job",
            "function": "ModuleJob.run",
            "line": 413,
            "method": "run",
            "native": false
        },
        {
            "column": 26,
            "file": "node:internal/modules/esm/loader",
            "function": "async onImport.tracePromise.__proto__",
            "line": 660,
            "method": "__proto__",
            "native": false
        },
        {
            "column": 5,
            "file": "node:internal/modules/run_main",
            "function": "async asyncRunEntryPointWithESMLoader",
            "line": 101,
            "method": null,
            "native": false
        }
    ]
}

{
    "date": "Sat Jun 27 2026 22:49:36 GMT+0530 (India Standard Time)",
    "error": {},
    "exception": true,
    "level": "error",
    "message": "uncaughtException: app.use() requires a middleware function\nTypeError: app.use() requires a middleware function\n    at app.use (D:\\Self Projects\\bastion\\apps\\api\\node_modules\\express\\lib\\application.js:213:11)\n    at <anonymous> (D:\\Self Projects\\bastion\\apps\\api\\src\\index.ts:10:5)\n    at ModuleJob.run (node:internal/modules/esm/module_job:413:25)\n    at async onImport.tracePromise.__proto__ (node:internal/modules/esm/loader:660:26)\n    at async asyncRunEntryPointWithESMLoader (node:internal/modules/run_main:101:5)",
    "os": {
        "loadavg": [
            0,
            0,
            0
        ],
        "uptime": 1400198
    },
    "process": {
        "argv": [
            "C:\\Program Files\\nodejs\\node.exe",
            "D:\\Self Projects\\bastion\\apps\\api\\src\\index.ts"
        ],
        "cwd": "D:\\Self Projects\\bastion\\apps\\api",
        "execPath": "C:\\Program Files\\nodejs\\node.exe",
        "gid": null,
        "memoryUsage": {
            "arrayBuffers": 2132935,
            "external": 4757113,
            "heapTotal": 23252992,
            "heapUsed": 15626840,
            "rss": 87195648
        },
        "pid": 27388,
        "uid": null,
        "version": "v24.12.0"
    },
    "stack": "TypeError: app.use() requires a middleware function\n    at app.use (D:\\Self Projects\\bastion\\apps\\api\\node_modules\\express\\lib\\application.js:213:11)\n    at <anonymous> (D:\\Self Projects\\bastion\\apps\\api\\src\\index.ts:10:5)\n    at ModuleJob.run (node:internal/modules/esm/module_job:413:25)\n    at async onImport.tracePromise.__proto__ (node:internal/modules/esm/loader:660:26)\n    at async asyncRunEntryPointWithESMLoader (node:internal/modules/run_main:101:5)",
    "timestamp": "2026-06-27 22:49:36",
    "trace": [
        {
            "column": 11,
            "file": "D:\\Self Projects\\bastion\\apps\\api\\node_modules\\express\\lib\\application.js",
            "function": "app.use",
            "line": 213,
            "method": "use",
            "native": false
        },
        {
            "column": 5,
            "file": "D:\\Self Projects\\bastion\\apps\\api\\src\\index.ts",
            "function": "<anonymous>",
            "line": 10,
            "method": null,
            "native": false
        },
        {
            "column": 25,
            "file": "node:internal/modules/esm/module_job",
            "function": "ModuleJob.run",
            "line": 413,
            "method": "run",
            "native": false
        },
        {
            "column": 26,
            "file": "node:internal/modules/esm/loader",
            "function": "async onImport.tracePromise.__proto__",
            "line": 660,
            "method": "__proto__",
            "native": false
        },
        {
            "column": 5,
            "file": "node:internal/modules/run_main",
            "function": "async asyncRunEntryPointWithESMLoader",
            "line": 101,
            "method": null,
            "native": false
        }
    ]
}

{
    "date": "Sat Jun 27 2026 22:49:36 GMT+0530 (India Standard Time)",
    "error": {},
    "exception": true,
    "level": "error",
    "message": "uncaughtException: app.use() requires a middleware function\nTypeError: app.use() requires a middleware function\n    at app.use (D:\\Self Projects\\bastion\\apps\\api\\node_modules\\express\\lib\\application.js:213:11)\n    at <anonymous> (D:\\Self Projects\\bastion\\apps\\api\\src\\index.ts:10:5)\n    at ModuleJob.run (node:internal/modules/esm/module_job:413:25)\n    at async onImport.tracePromise.__proto__ (node:internal/modules/esm/loader:660:26)\n    at async asyncRunEntryPointWithESMLoader (node:internal/modules/run_main:101:5)",
    "os": {
        "loadavg": [
            0,
            0,
            0
        ],
        "uptime": 1400198
    },
    "process": {
        "argv": [
            "C:\\Program Files\\nodejs\\node.exe",
            "D:\\Self Projects\\bastion\\apps\\api\\src\\index.ts"
        ],
        "cwd": "D:\\Self Projects\\bastion\\apps\\api",
        "execPath": "C:\\Program Files\\nodejs\\node.exe",
        "gid": null,
        "memoryUsage": {
            "arrayBuffers": 2132935,
            "external": 4757113,
            "heapTotal": 23252992,
            "heapUsed": 15626840,
            "rss": 87195648
        },
        "pid": 27388,
        "uid": null,
        "version": "v24.12.0"
    },
    "stack": "TypeError: app.use() requires a middleware function\n    at app.use (D:\\Self Projects\\bastion\\apps\\api\\node_modules\\express\\lib\\application.js:213:11)\n    at <anonymous> (D:\\Self Projects\\bastion\\apps\\api\\src\\index.ts:10:5)\n    at ModuleJob.run (node:internal/modules/esm/module_job:413:25)\n    at async onImport.tracePromise.__proto__ (node:internal/modules/esm/loader:660:26)\n    at async asyncRunEntryPointWithESMLoader (node:internal/modules/run_main:101:5)",
    "trace": [
        {
            "column": 11,
            "file": "D:\\Self Projects\\bastion\\apps\\api\\node_modules\\express\\lib\\application.js",
            "function": "app.use",
            "line": 213,
            "method": "use",
            "native": false
        },
        {
            "column": 5,
            "file": "D:\\Self Projects\\bastion\\apps\\api\\src\\index.ts",
            "function": "<anonymous>",
            "line": 10,
            "method": null,
            "native": false
        },
        {
            "column": 25,
            "file": "node:internal/modules/esm/module_job",
            "function": "ModuleJob.run",
            "line": 413,
            "method": "run",
            "native": false
        },
        {
            "column": 26,
            "file": "node:internal/modules/esm/loader",
            "function": "async onImport.tracePromise.__proto__",
            "line": 660,
            "method": "__proto__",
            "native": false
        },
        {
            "column": 5,
            "file": "node:internal/modules/run_main",
            "function": "async asyncRunEntryPointWithESMLoader",
            "line": 101,
            "method": null,
            "native": false
        }
    ]
}

{
    "date": "Sat Jun 27 2026 22:49:42 GMT+0530 (India Standard Time)",
    "error": {},
    "exception": true,
    "level": "error",
    "message": "uncaughtException: app.use() requires a middleware function\nTypeError: app.use() requires a middleware function\n    at app.use (D:\\Self Projects\\bastion\\apps\\api\\node_modules\\express\\lib\\application.js:213:11)\n    at <anonymous> (D:\\Self Projects\\bastion\\apps\\api\\src\\index.ts:10:5)\n    at ModuleJob.run (node:internal/modules/esm/module_job:413:25)\n    at async onImport.tracePromise.__proto__ (node:internal/modules/esm/loader:660:26)\n    at async asyncRunEntryPointWithESMLoader (node:internal/modules/run_main:101:5)",
    "os": {
        "loadavg": [
            0,
            0,
            0
        ],
        "uptime": 1400203.609
    },
    "process": {
        "argv": [
            "C:\\Program Files\\nodejs\\node.exe",
            "D:\\Self Projects\\bastion\\apps\\api\\src\\index.ts"
        ],
        "cwd": "D:\\Self Projects\\bastion\\apps\\api",
        "execPath": "C:\\Program Files\\nodejs\\node.exe",
        "gid": null,
        "memoryUsage": {
            "arrayBuffers": 2124535,
            "external": 4748721,
            "heapTotal": 23252992,
            "heapUsed": 15391976,
            "rss": 67833856
        },
        "pid": 69040,
        "uid": null,
        "version": "v24.12.0"
    },
    "stack": "TypeError: app.use() requires a middleware function\n    at app.use (D:\\Self Projects\\bastion\\apps\\api\\node_modules\\express\\lib\\application.js:213:11)\n    at <anonymous> (D:\\Self Projects\\bastion\\apps\\api\\src\\index.ts:10:5)\n    at ModuleJob.run (node:internal/modules/esm/module_job:413:25)\n    at async onImport.tracePromise.__proto__ (node:internal/modules/esm/loader:660:26)\n    at async asyncRunEntryPointWithESMLoader (node:internal/modules/run_main:101:5)",
    "timestamp": "2026-06-27 22:49:42",
    "trace": [
        {
            "column": 11,
            "file": "D:\\Self Projects\\bastion\\apps\\api\\node_modules\\express\\lib\\application.js",
            "function": "app.use",
            "line": 213,
            "method": "use",
            "native": false
        },
        {
            "column": 5,
            "file": "D:\\Self Projects\\bastion\\apps\\api\\src\\index.ts",
            "function": "<anonymous>",
            "line": 10,
            "method": null,
            "native": false
        },
        {
            "column": 25,
            "file": "node:internal/modules/esm/module_job",
            "function": "ModuleJob.run",
            "line": 413,
            "method": "run",
            "native": false
        },
        {
            "column": 26,
            "file": "node:internal/modules/esm/loader",
            "function": "async onImport.tracePromise.__proto__",
            "line": 660,
            "method": "__proto__",
            "native": false
        },
        {
            "column": 5,
            "file": "node:internal/modules/run_main",
            "function": "async asyncRunEntryPointWithESMLoader",
            "line": 101,
            "method": null,
            "native": false
        }
    ]
}

{
    "date": "Sat Jun 27 2026 22:49:42 GMT+0530 (India Standard Time)",
    "error": {},
    "exception": true,
    "level": "error",
    "message": "uncaughtException: app.use() requires a middleware function\nTypeError: app.use() requires a middleware function\n    at app.use (D:\\Self Projects\\bastion\\apps\\api\\node_modules\\express\\lib\\application.js:213:11)\n    at <anonymous> (D:\\Self Projects\\bastion\\apps\\api\\src\\index.ts:10:5)\n    at ModuleJob.run (node:internal/modules/esm/module_job:413:25)\n    at async onImport.tracePromise.__proto__ (node:internal/modules/esm/loader:660:26)\n    at async asyncRunEntryPointWithESMLoader (node:internal/modules/run_main:101:5)",
    "os": {
        "loadavg": [
            0,
            0,
            0
        ],
        "uptime": 1400203.609
    },
    "process": {
        "argv": [
            "C:\\Program Files\\nodejs\\node.exe",
            "D:\\Self Projects\\bastion\\apps\\api\\src\\index.ts"
        ],
        "cwd": "D:\\Self Projects\\bastion\\apps\\api",
        "execPath": "C:\\Program Files\\nodejs\\node.exe",
        "gid": null,
        "memoryUsage": {
            "arrayBuffers": 2124535,
            "external": 4748721,
            "heapTotal": 23252992,
            "heapUsed": 15391976,
            "rss": 67833856
        },
        "pid": 69040,
        "uid": null,
        "version": "v24.12.0"
    },
    "stack": "TypeError: app.use() requires a middleware function\n    at app.use (D:\\Self Projects\\bastion\\apps\\api\\node_modules\\express\\lib\\application.js:213:11)\n    at <anonymous> (D:\\Self Projects\\bastion\\apps\\api\\src\\index.ts:10:5)\n    at ModuleJob.run (node:internal/modules/esm/module_job:413:25)\n    at async onImport.tracePromise.__proto__ (node:internal/modules/esm/loader:660:26)\n    at async asyncRunEntryPointWithESMLoader (node:internal/modules/run_main:101:5)",
    "trace": [
        {
            "column": 11,
            "file": "D:\\Self Projects\\bastion\\apps\\api\\node_modules\\express\\lib\\application.js",
            "function": "app.use",
            "line": 213,
            "method": "use",
            "native": false
        },
        {
            "column": 5,
            "file": "D:\\Self Projects\\bastion\\apps\\api\\src\\index.ts",
            "function": "<anonymous>",
            "line": 10,
            "method": null,
            "native": false
        },
        {
            "column": 25,
            "file": "node:internal/modules/esm/module_job",
            "function": "ModuleJob.run",
            "line": 413,
            "method": "run",
            "native": false
        },
        {
            "column": 26,
            "file": "node:internal/modules/esm/loader",
            "function": "async onImport.tracePromise.__proto__",
            "line": 660,
            "method": "__proto__",
            "native": false
        },
        {
            "column": 5,
            "file": "node:internal/modules/run_main",
            "function": "async asyncRunEntryPointWithESMLoader",
            "line": 101,
            "method": null,
            "native": false
        }
    ]
}

{
    "date": "Sat Jun 27 2026 22:52:44 GMT+0530 (India Standard Time)",
    "error": {},
    "exception": true,
    "level": "error",
    "message": "uncaughtException: app.use() requires a middleware function\nTypeError: app.use() requires a middleware function\n    at app.use (D:\\Self Projects\\bastion\\apps\\api\\node_modules\\express\\lib\\application.js:213:11)\n    at <anonymous> (D:\\Self Projects\\bastion\\apps\\api\\src\\index.ts:10:5)\n    at ModuleJob.run (node:internal/modules/esm/module_job:413:25)\n    at async onImport.tracePromise.__proto__ (node:internal/modules/esm/loader:660:26)\n    at async asyncRunEntryPointWithESMLoader (node:internal/modules/run_main:101:5)",
    "os": {
        "loadavg": [
            0,
            0,
            0
        ],
        "uptime": 1400386.015
    },
    "process": {
        "argv": [
            "C:\\Program Files\\nodejs\\node.exe",
            "D:\\Self Projects\\bastion\\apps\\api\\src\\index.ts"
        ],
        "cwd": "D:\\Self Projects\\bastion\\apps\\api",
        "execPath": "C:\\Program Files\\nodejs\\node.exe",
        "gid": null,
        "memoryUsage": {
            "arrayBuffers": 2124535,
            "external": 4748721,
            "heapTotal": 22990848,
            "heapUsed": 15454168,
            "rss": 68845568
        },
        "pid": 76284,
        "uid": null,
        "version": "v24.12.0"
    },
    "stack": "TypeError: app.use() requires a middleware function\n    at app.use (D:\\Self Projects\\bastion\\apps\\api\\node_modules\\express\\lib\\application.js:213:11)\n    at <anonymous> (D:\\Self Projects\\bastion\\apps\\api\\src\\index.ts:10:5)\n    at ModuleJob.run (node:internal/modules/esm/module_job:413:25)\n    at async onImport.tracePromise.__proto__ (node:internal/modules/esm/loader:660:26)\n    at async asyncRunEntryPointWithESMLoader (node:internal/modules/run_main:101:5)",
    "timestamp": "2026-06-27 22:52:44",
    "trace": [
        {
            "column": 11,
            "file": "D:\\Self Projects\\bastion\\apps\\api\\node_modules\\express\\lib\\application.js",
            "function": "app.use",
            "line": 213,
            "method": "use",
            "native": false
        },
        {
            "column": 5,
            "file": "D:\\Self Projects\\bastion\\apps\\api\\src\\index.ts",
            "function": "<anonymous>",
            "line": 10,
            "method": null,
            "native": false
        },
        {
            "column": 25,
            "file": "node:internal/modules/esm/module_job",
            "function": "ModuleJob.run",
            "line": 413,
            "method": "run",
            "native": false
        },
        {
            "column": 26,
            "file": "node:internal/modules/esm/loader",
            "function": "async onImport.tracePromise.__proto__",
            "line": 660,
            "method": "__proto__",
            "native": false
        },
        {
            "column": 5,
            "file": "node:internal/modules/run_main",
            "function": "async asyncRunEntryPointWithESMLoader",
            "line": 101,
            "method": null,
            "native": false
        }
    ]
}

{
    "date": "Sat Jun 27 2026 22:52:44 GMT+0530 (India Standard Time)",
    "error": {},
    "exception": true,
    "level": "error",
    "message": "uncaughtException: app.use() requires a middleware function\nTypeError: app.use() requires a middleware function\n    at app.use (D:\\Self Projects\\bastion\\apps\\api\\node_modules\\express\\lib\\application.js:213:11)\n    at <anonymous> (D:\\Self Projects\\bastion\\apps\\api\\src\\index.ts:10:5)\n    at ModuleJob.run (node:internal/modules/esm/module_job:413:25)\n    at async onImport.tracePromise.__proto__ (node:internal/modules/esm/loader:660:26)\n    at async asyncRunEntryPointWithESMLoader (node:internal/modules/run_main:101:5)",
    "os": {
        "loadavg": [
            0,
            0,
            0
        ],
        "uptime": 1400386.015
    },
    "process": {
        "argv": [
            "C:\\Program Files\\nodejs\\node.exe",
            "D:\\Self Projects\\bastion\\apps\\api\\src\\index.ts"
        ],
        "cwd": "D:\\Self Projects\\bastion\\apps\\api",
        "execPath": "C:\\Program Files\\nodejs\\node.exe",
        "gid": null,
        "memoryUsage": {
            "arrayBuffers": 2124535,
            "external": 4748721,
            "heapTotal": 22990848,
            "heapUsed": 15454168,
            "rss": 68845568
        },
        "pid": 76284,
        "uid": null,
        "version": "v24.12.0"
    },
    "stack": "TypeError: app.use() requires a middleware function\n    at app.use (D:\\Self Projects\\bastion\\apps\\api\\node_modules\\express\\lib\\application.js:213:11)\n    at <anonymous> (D:\\Self Projects\\bastion\\apps\\api\\src\\index.ts:10:5)\n    at ModuleJob.run (node:internal/modules/esm/module_job:413:25)\n    at async onImport.tracePromise.__proto__ (node:internal/modules/esm/loader:660:26)\n    at async asyncRunEntryPointWithESMLoader (node:internal/modules/run_main:101:5)",
    "trace": [
        {
            "column": 11,
            "file": "D:\\Self Projects\\bastion\\apps\\api\\node_modules\\express\\lib\\application.js",
            "function": "app.use",
            "line": 213,
            "method": "use",
            "native": false
        },
        {
            "column": 5,
            "file": "D:\\Self Projects\\bastion\\apps\\api\\src\\index.ts",
            "function": "<anonymous>",
            "line": 10,
            "method": null,
            "native": false
        },
        {
            "column": 25,
            "file": "node:internal/modules/esm/module_job",
            "function": "ModuleJob.run",
            "line": 413,
            "method": "run",
            "native": false
        },
        {
            "column": 26,
            "file": "node:internal/modules/esm/loader",
            "function": "async onImport.tracePromise.__proto__",
            "line": 660,
            "method": "__proto__",
            "native": false
        },
        {
            "column": 5,
            "file": "node:internal/modules/run_main",
            "function": "async asyncRunEntryPointWithESMLoader",
            "line": 101,
            "method": null,
            "native": false
        }
    ]
}

{
    "level": "info",
    "message": "API server started on port 4000",
    "timestamp": "2026-06-27 22:54:09"
}
